---
source: sqld/tests/namespaces/dumps.rs
expression: resp.body_string().await.unwrap()
---

