---
source: sqld/tests/namespaces/mod.rs
expression: e.to_string()
---
Hrana: `api error: `{"error":"Namespace `foo` doesn't exist"}``
