---
source: sqld/src/rpc/streaming_exec.rs
expression: builder.into_ret()
---
[
    Ok(
        [
            [
                Text(
                    "something moderately long",
                ),
            ],
            [
                Text(
                    "something moderately long",
                ),
            ],
            [
                Text(
                    "something moderately long",
                ),
            ],
            [
                Text(
                    "something moderately long",
                ),
            ],
            [
                Text(
                    "something moderately long",
                ),
            ],
            [
                Text(
                    "something moderately long",
                ),
            ],
            [
                Text(
                    "something moderately long",
                ),
            ],
            [
                Text(
                    "something moderately long",
                ),
            ],
            [
                Text(
                    "something moderately long",
                ),
            ],
            [
                Text(
                    "something moderately long",
                ),
            ],
            [
                Text(
                    "something moderately long",
                ),
            ],
            [
                Text(
                    "something moderately long",
                ),
            ],
            [
                Text(
                    "something moderately long",
                ),
            ],
            [
                Text(
                    "something moderately long",
                ),
            ],
            [
                Text(
                    "something moderately long",
                ),
            ],
            [
                Text(
                    "something moderately long",
                ),
            ],
            [
                Text(
                    "something moderately long",
                ),
            ],
            [
                Text(
                    "something moderately long",
                ),
            ],
            [
                Text(
                    "something moderately long",
                ),
            ],
            [
                Text(
                    "something moderately long",
                ),
            ],
            [
                Text(
                    "something moderately long",
                ),
            ],
            [
                Text(
                    "something moderately long",
                ),
            ],
            [
                Text(
                    "something moderately long",
                ),
            ],
            [
                Text(
                    "something moderately long",
                ),
            ],
            [
                Text(
                    "something moderately long",
                ),
            ],
            [
                Text(
                    "something moderately long",
                ),
            ],
            [
                Text(
                    "something moderately long",
                ),
            ],
            [
                Text(
                    "something moderately long",
                ),
            ],
            [
                Text(
                    "something moderately long",
                ),
            ],
            [
                Text(
                    "something moderately long",
                ),
            ],
            [
                Text(
                    "something moderately long",
                ),
            ],
            [
                Text(
                    "something moderately long",
                ),
            ],
            [
                Text(
                    "something moderately long",
                ),
            ],
            [
                Text(
                    "something moderately long",
                ),
            ],
            [
                Text(
                    "something moderately long",
                ),
            ],
            [
                Text(
                    "something moderately long",
                ),
            ],
            [
                Text(
                    "something moderately long",
                ),
            ],
            [
                Text(
                    "something moderately long",
                ),
            ],
            [
                Text(
                    "something moderately long",
                ),
            ],
            [
                Text(
                    "something moderately long",
                ),
            ],
            [
                Text(
                    "something moderately long",
                ),
            ],
            [
                Text(
                    "something moderately long",
                ),
            ],
            [
                Text(
                    "something moderately long",
                ),
            ],
            [
                Text(
                    "something moderately long",
                ),
            ],
            [
                Text(
                    "something moderately long",
                ),
            ],
            [
                Text(
                    "something moderately long",
                ),
            ],
            [
                Text(
                    "something moderately long",
                ),
            ],
            [
                Text(
                    "something moderately long",
                ),
            ],
            [
                Text(
                    "something moderately long",
                ),
            ],
        ],
    ),
]
