---
source: sqld/src/connection/dump/exporter.rs
expression: "std::str::from_utf8(&out).unwrap()"
---
PRAGMA foreign_keys=OFF;
BEGIN TRANSACTION;
CREATE TABLE IF NOT EXISTS libsql_wasm_func_table (name text PRIMARY KEY, body text) WITHOUT ROWID;
CREATE TABLE IF NOT EXISTS test ("limit");
COMMIT;

